// Jest Snapshot v1, https://goo.gl/fbAQLP

exports[`render a navigation bar comp 1`] = `ReactWrapper {}`;

exports[`render a user 1`] = `ReactWrapper {}`;
