// Jest Snapshot v1, https://goo.gl/fbAQLP

exports[`render a register user comp 1`] = `ReactWrapper {}`;
