// Jest Snapshot v1, https://goo.gl/fbAQLP

exports[`render the router comp 1`] = `
<div>
  <div>
    <nav
      className="navbar navbar-expand-md navbar-dark bg-dark"
    >
      <a
        className="navbar-brand"
        href="/"
      >
        Register User
      </a>
      <button
        className="navbar-toggler"
        onClick={[Function]}
        type="button"
      >
        <span
          className="navbar-toggler-icon"
        />
      </button>
      <div
        className="collapse navbar-collapse"
        style={Object {}}
      >
        <ul
          className="ml-auto navbar-nav"
        >
          <li
            className="nav-item"
          >
            <a
              className="nav-link"
              href="/Login"
              onClick={[Function]}
            >
              Login User
            </a>
          </li>
          <li
            className="nav-item"
          >
            <a
              className="nav-link"
              href="/List"
              onClick={[Function]}
            >
              Show Users
            </a>
          </li>
        </ul>
      </div>
    </nav>
  </div>
  <div>
    <h1>
      Register User
    </h1>
    <form
      onSubmit={[Function]}
    >
      <input
        id="username"
        placeholder="Username"
        type="text"
      />
      <p
        style={
          Object {
            "color": "red",
          }
        }
      >
        
      </p>
      <br />
      <input
        id="email"
        placeholder="E-mail"
        type="text"
      />
      <p
        style={
          Object {
            "color": "red",
          }
        }
      >
        
      </p>
      <br />
      <input
        id="password"
        placeholder="Password"
        type="text"
      />
      <p
        style={
          Object {
            "color": "red",
          }
        }
      >
        
      </p>
      <br />
      <input
        id="password2"
        placeholder="Re-type Password"
        type="text"
      />
      <p
        style={
          Object {
            "color": "red",
          }
        }
      >
        
      </p>
      <br />
      <button
        type="submit"
      >
        Register User
      </button>
    </form>
  </div>
</div>
`;
