// Jest Snapshot v1, https://goo.gl/fbAQLP

exports[`render a user comp 1`] = `
<div>
  <p />
</div>
`;
